
> weaving-mill-frontend@1.0.0 build
> react-scripts build

Creating an optimized production build...
Compiled with warnings.

[eslint] 
src\pages\AddCustomer.js
  Line 2:30:  'Alert' is defined but never used  no-unused-vars

src\pages\Billing.js
  Line 36:6:  React Hook useEffect has missing dependencies: 'fetchInvoices' and 'fetchOrders'. Either include them or remove the dependency array  react-hooks/exhaustive-deps

src\pages\CustomerList.js
  Line 20:6:  React Hook useEffect has a missing dependency: 'fetchCustomers'. Either include it or remove the dependency array  react-hooks/exhaustive-deps

src\pages\Delivery.js
  Line 33:6:  React Hook useEffect has missing dependencies: 'fetchDeliveries' and 'fetchOrders'. Either include them or remove the dependency array  react-hooks/exhaustive-deps

src\pages\EditCustomer.js
  Line 25:6:  React Hook useEffect has a missing dependency: 'fetchCustomer'. Either include it or remove the dependency array  react-hooks/exhaustive-deps

src\pages\OrderList.js
  Line 33:10:  'imageFile' is assigned a value but never used                                                                                         no-unused-vars
  Line 50:6:   React Hook useEffect has missing dependencies: 'fetchCustomers' and 'fetchOrders'. Either include them or remove the dependency array  react-hooks/exhaustive-deps

src\pages\Production.js
  Line 31:6:  React Hook useEffect has missing dependencies: 'fetchOrders' and 'fetchProductions'. Either include them or remove the dependency array  react-hooks/exhaustive-deps

Search for the keywords to learn more about each warning.
To ignore, add // eslint-disable-next-line to the line before.

File sizes after gzip:

  224.02 kB  build\static\js\main.7bc63d63.js
  46.36 kB   build\static\js\239.a2d85e4b.chunk.js
  43.3 kB    build\static\js\455.cb6c3ace.chunk.js
  32.31 kB   build\static\css\main.39b8bceb.css
  8.72 kB    build\static\js\213.1da21c81.chunk.js

The project was built assuming it is hosted at /.
You can control this with the homepage field in your package.json.

The build folder is ready to be deployed.
You may serve it with a static server:

  npm install -g serve
  serve -s build

Find out more about deployment here:

  https://cra.link/deployment

